
> ai-studio-applet@0.1.0 build
> next build

   Γû▓ Next.js 15.5.19
   - Environments: .env.local

   Creating an optimized production build ...
 Γ£ô Compiled successfully in 4.7s
   Skipping linting
   Checking validity of types ...
   Collecting page data ...
   Generating static pages (0/7) ...
   Generating static pages (1/7) 
   Generating static pages (3/7) 
   Generating static pages (5/7) 
 Γ£ô Generating static pages (7/7)
   Finalizing page optimization ...
   Collecting build traces ...

Route (app)                                 Size  First Load JS
Γöî Γùï /                                    83.5 kB         186 kB
Γö£ Γùï /_not-found                            995 B         103 kB
Γö£ ╞Æ /api/chat                              131 B         102 kB
Γö£ ╞Æ /api/cv-builder                        131 B         102 kB
Γöö ╞Æ /api/extract                           131 B         102 kB
+ First Load JS shared by all             102 kB
  Γö£ chunks/255-6a3064acda041a34.js         46 kB
  Γö£ chunks/4bd1b696-21f374d1156f834a.js  54.2 kB
  Γöö other shared chunks (total)          1.91 kB


Γùï  (Static)   prerendered as static content
╞Æ  (Dynamic)  server-rendered on demand

